<?xml version="1.0" encoding="utf-8"?><testsuites><testsuite name="pytest" errors="0" failures="0" skipped="0" tests="99" time="54.515" timestamp="2022-08-24T22:44:41.905945" hostname="LAPTOP-48BM4N3A"><testcase classname="tests.test_datasets" name="test_load_bingliu" time="0.003" /><testcase classname="tests.test_datasets" name="test_fetch_eds" time="6.194" /><testcase classname="tests.test_datasets" name="test_fetch_debiaswe" time="0.272" /><testcase classname="tests.test_datasets" name="test_fetch_debias_multiclass" time="0.199" /><testcase classname="tests.test_datasets" name="test_load_weat" time="0.001" /><testcase classname="tests.test_datasets" name="test_load_gn_glove" time="0.685" /><testcase classname="tests.test_preprocessing" name="test_preprocess_word" time="0.000" /><testcase classname="tests.test_preprocessing" name="test_get_embeddings_from_set_types" time="0.078" /><testcase classname="tests.test_preprocessing" name="test_get_embeddings_from_set" time="0.073" /><testcase classname="tests.test_preprocessing" name="test_get_embeddings_from_set_with_oov" time="0.141" /><testcase classname="tests.test_preprocessing" name="test_get_embeddings_from_set_prep_lowercase" time="0.074" /><testcase classname="tests.test_preprocessing" name="test_get_embeddings_from_set_prep_strip_accents" time="0.070" /><testcase classname="tests.test_preprocessing" name="test_get_embeddings_from_set_prep_strategy_first" time="0.071" /><testcase classname="tests.test_preprocessing" name="test_get_embeddings_from_set_prep_strategy_all" time="0.135" /><testcase classname="tests.test_preprocessing" name="test_get_embeddings_from_set_with_normalization" time="0.069" /><testcase classname="tests.test_preprocessing" name="test_get_embeddings_from_sets_type_checkings" time="0.071" /><testcase classname="tests.test_preprocessing" name="test_get_embeddings_from_sets_with_monuples" time="0.070" /><testcase classname="tests.test_preprocessing" name="test_get_embeddings_from_sets_with_pairs" time="0.147" /><testcase classname="tests.test_preprocessing" name="test_get_embeddings_from_sets_with_triple" time="0.071" /><testcase classname="tests.test_preprocessing" name="test_get_embeddings_from_sets_with_oov" time="0.070" /><testcase classname="tests.test_preprocessing" name="test_get_embeddings_from_sets_with_no_set_converted" time="0.073" /><testcase classname="tests.test_preprocessing" name="test_warn_not_found_words" time="0.001" /><testcase classname="tests.test_preprocessing" name="test_get_embeddings_from_query_input_checking" time="0.139" /><testcase classname="tests.test_preprocessing" name="test_get_embeddings_from_query" time="0.076" /><testcase classname="tests.test_preprocessing" name="test_get_embeddings_from_query_oov_warns" time="0.075" /><testcase classname="tests.test_preprocessing" name="test_get_embeddings_from_query_with_lower_preprocessor" time="0.071" /><testcase classname="tests.test_preprocessing" name="test_get_embeddings_from_query_with_two_preprocessors" time="0.143" /><testcase classname="tests.test_preprocessing" name="test_get_embeddings_from_query_lost_threshold" time="0.071" /><testcase classname="tests.test_query" name="test_create_query_input_checks" time="0.001" /><testcase classname="tests.test_query" name="test_create_query" time="0.000" /><testcase classname="tests.test_query" name="test_eq" time="0.000" /><testcase classname="tests.test_query" name="test_templates" time="0.001" /><testcase classname="tests.test_query" name="test_generate_query_name" time="0.000" /><testcase classname="tests.test_query" name="test_wrong_target_and_attribute_sets_and_names" time="0.001" /><testcase classname="tests.test_utils" name="test_load_weat_w2v" time="0.079" /><testcase classname="tests.test_utils" name="test_run_query_input_validation" time="0.070" /><testcase classname="tests.test_utils" name="test_run_queries" time="2.704" /><testcase classname="tests.test_utils" name="test_rank_results" time="0.555" /><testcase classname="tests.test_utils" name="test_correlations" time="0.502" /><testcase classname="tests.test_word_embedding_model" name="test__init__" time="0.073" /><testcase classname="tests.test_word_embedding_model" name="test__eq__" time="0.070" /><testcase classname="tests.test_word_embedding_model" name="test__contains__" time="0.136" /><testcase classname="tests.test_word_embedding_model" name="test__getitem__" time="0.070" /><testcase classname="tests.test_word_embedding_model" name="test__init__with_w2v_model" time="0.002" /><testcase classname="tests.test_word_embedding_model" name="test__init_with_fast_model" time="0.039" /><testcase classname="tests.test_word_embedding_model" name="test_normalize_embeddings" time="0.221" /><testcase classname="tests.test_word_embedding_model" name="test_update_embedding" time="0.076" /><testcase classname="tests.test_word_embedding_model" name="test_update_embeddings" time="0.141" /><testcase classname="tests.debias.test_base_debias" name="test_base_debias" time="0.000" /><testcase classname="tests.debias.test_base_debias" name="test_check_transform_args_wrong_inputs" time="0.350" /><testcase classname="tests.debias.test_base_debias" name="test_check_transform_args_ok_inputs" time="0.330" /><testcase classname="tests.debias.test_double_hard_debias" name="test_double_hard_debias_checks" time="0.351" /><testcase classname="tests.debias.test_double_hard_debias" name="test_double_hard_debias" time="1.531" /><testcase classname="tests.debias.test_double_hard_debias" name="test_double_hard_debias_target_param" time="0.865" /><testcase classname="tests.debias.test_double_hard_debias" name="test_multiclass_hard_debias_ignore_param" time="1.398" /><testcase classname="tests.debias.test_double_hard_debias" name="test_double_hard_debias_copy_param" time="1.474" /><testcase classname="tests.debias.test_double_hard_debias" name="test_multiclass_hard_debias_verbose" time="2.133" /><testcase classname="tests.debias.test_half_sibling_regression" name="test_half_sibling_checks" time="0.084" /><testcase classname="tests.debias.test_half_sibling_regression" name="test_half_sibling_regression_class" time="1.257" /><testcase classname="tests.debias.test_half_sibling_regression" name="test_half_sibling_regression_target_param" time="1.341" /><testcase classname="tests.debias.test_half_sibling_regression" name="test_half_sibling_regression_ignore_param" time="2.230" /><testcase classname="tests.debias.test_half_sibling_regression" name="test_double_hard_debias_copy_param" time="2.121" /><testcase classname="tests.debias.test_half_sibling_regression" name="test_verbose" time="2.242" /><testcase classname="tests.debias.test_hard_debias" name="test_hard_debias_param_checks" time="1.479" /><testcase classname="tests.debias.test_hard_debias" name="test_hard_debias_class" time="0.690" /><testcase classname="tests.debias.test_hard_debias" name="test_hard_debias_target_param" time="1.171" /><testcase classname="tests.debias.test_hard_debias" name="test_hard_debias_ignore_param" time="1.294" /><testcase classname="tests.debias.test_hard_debias" name="test_hard_debias_verbose_param" time="0.712" /><testcase classname="tests.debias.test_hard_debias" name="test_hard_debias_copy_param" time="0.614" /><testcase classname="tests.debias.test_multiclass_hard_debias" name="test_multiclass_hard_debias_param_checks" time="0.374" /><testcase classname="tests.debias.test_multiclass_hard_debias" name="test_multiclass_hard_debias_with_gender" time="1.087" /><testcase classname="tests.debias.test_multiclass_hard_debias" name="test_multiclass_hard_debias_with_ethnicity" time="1.093" /><testcase classname="tests.debias.test_multiclass_hard_debias" name="test_multiclass_hard_debias_target_param" time="0.525" /><testcase classname="tests.debias.test_multiclass_hard_debias" name="test_multiclass_hard_debias_ignore_param" time="1.106" /><testcase classname="tests.debias.test_multiclass_hard_debias" name="test_multiclass_hard_debias_copy_param" time="1.089" /><testcase classname="tests.debias.test_repulsion_attraction_neutralization" name="test_hard_debias_target_param" time="2.996" /><testcase classname="tests.metrics.test_ECT" name="test_ECT" time="0.086" /><testcase classname="tests.metrics.test_ECT" name="test_ECT_lost_vocabulary_threshold" time="0.166" /><testcase classname="tests.metrics.test_MAC" name="test_MAC" time="0.135" /><testcase classname="tests.metrics.test_MAC" name="test_MAC_lost_vocabulary_threshold" time="0.090" /><testcase classname="tests.metrics.test_RIPA" name="test_RIPA" time="0.095" /><testcase classname="tests.metrics.test_RND" name="test_RND_with_euclidean_distance" time="0.148" /><testcase classname="tests.metrics.test_RND" name="test_RND_with_cosine_distance" time="0.081" /><testcase classname="tests.metrics.test_RND" name="test_RND_wrong_distance_type_parameter" time="0.092" /><testcase classname="tests.metrics.test_RND" name="test_RND_lost_vocabulary_threshold" time="0.078" /><testcase classname="tests.metrics.test_RNSB" name="test_RNSB_base" time="0.152" /><testcase classname="tests.metrics.test_RNSB" name="test_RNSB_more_targets" time="0.084" /><testcase classname="tests.metrics.test_RNSB" name="test_RNSB_print_model_evaluation" time="0.079" /><testcase classname="tests.metrics.test_RNSB" name="test_RNSB_no_holdout" time="0.081" /><testcase classname="tests.metrics.test_RNSB" name="test_RNSB_lost_vocabulary_threshold" time="0.150" /><testcase classname="tests.metrics.test_RNSB" name="test_RNSB_with_random_state" time="0.085" /><testcase classname="tests.metrics.test_WEAT" name="test_WEAT" time="0.145" /><testcase classname="tests.metrics.test_WEAT" name="test_WEAT_effect_size" time="0.143" /><testcase classname="tests.metrics.test_WEAT" name="test_WEAT_left_sided_p_value" time="1.931" /><testcase classname="tests.metrics.test_WEAT" name="test_WEAT_right_sided_p_value" time="1.932" /><testcase classname="tests.metrics.test_WEAT" name="test_WEAT_two_sided_p_value" time="1.778" /><testcase classname="tests.metrics.test_base_metric" name="test_base_metric_input_checking" time="0.095" /><testcase classname="tests.metrics.test_base_metric" name="test_validate_old_preprocessor_args_inputs" time="0.083" /><testcase classname="tests.metrics.test_base_metric" name="test_run_query" time="0.159" /></testsuite></testsuites>